✅ PostgreSQL database connected

🌾 Krishi Sangam API Server
   └── Running on http://localhost:3001
   └── Health: http://localhost:3001/api/health
   └── Auth:     http://localhost:3001/api/auth
   └── Land:     http://localhost:3001/api/land
   └── Equip:    http://localhost:3001/api/equipment
   └── Labour:   http://localhost:3001/api/labour
   └── Produce:  http://localhost:3001/api/produce
   └── Bookings: http://localhost:3001/api/bookings
   └── Messages: http://localhost:3001/api/messages
   └── Payments: http://localhost:3001/api/payments
   └── Profile:  http://localhost:3001/api/profile
   └── Upload:   http://localhost:3001/api/upload
   └── Admin:    http://localhost:3001/api/admin
   └── Services: http://localhost:3001/api/services
   └── App:    http://localhost:3001

[2026-08-16T11:19:19.773Z] GET /api/health
[2026-08-16T11:22:33.827Z] GET /api/equipment
[2026-08-16T11:22:33.829Z] GET /api/bookings
[2026-08-16T11:22:33.928Z] GET /api/equipment
[2026-08-16T11:22:33.936Z] GET /api/bookings
[2026-08-16T11:23:49.366Z] GET /api/equipment
[2026-08-16T11:23:49.368Z] GET /api/bookings
[2026-08-16T11:23:49.477Z] GET /api/equipment
[2026-08-16T11:23:49.511Z] GET /api/bookings
[2026-08-16T11:23:50.985Z] GET /api/equipment
[2026-08-16T11:23:50.986Z] GET /api/bookings
[2026-08-16T11:23:51.002Z] GET /api/equipment
[2026-08-16T11:23:51.018Z] GET /api/equipment
[2026-08-16T11:23:51.023Z] GET /api/bookings
[2026-08-16T11:23:51.054Z] GET /api/bookings
[2026-08-16T11:24:05.508Z] GET /api/equipment
[2026-08-16T11:24:05.509Z] GET /api/bookings
[2026-08-16T11:24:05.561Z] GET /api/equipment
[2026-08-16T11:24:05.574Z] GET /api/bookings
[2026-08-16T11:24:05.575Z] GET /api/equipment
[2026-08-16T11:24:05.607Z] GET /api/bookings
[2026-08-16T11:24:21.486Z] GET /api/equipment
[2026-08-16T11:24:21.487Z] GET /api/bookings
[2026-08-16T11:24:21.504Z] GET /api/equipment
[2026-08-16T11:24:21.530Z] GET /api/bookings
[2026-08-16T11:33:18.227Z] GET /api/auth/me
[2026-08-16T11:33:18.575Z] GET /api/auth/me
[2026-08-16T11:33:18.603Z] GET /api/auth/me
[2026-08-16T11:33:18.629Z] GET /api/auth/me
[2026-08-16T11:51:04.289Z] GET /api/auth/me
[2026-08-16T11:51:04.421Z] GET /api/auth/me
[2026-08-16T11:51:04.428Z] GET /api/equipment
[2026-08-16T11:51:04.429Z] GET /api/bookings
[2026-08-16T11:51:04.498Z] GET /api/equipment
[2026-08-16T11:51:04.508Z] GET /api/bookings
[2026-08-16T11:51:04.545Z] GET /api/bookings
[2026-08-16T11:51:09.857Z] GET /api/admin/stats
[2026-08-16T11:51:10.002Z] GET /api/admin/stats
[2026-08-16T11:51:10.670Z] GET /api/equipment
[2026-08-16T11:51:10.671Z] GET /api/bookings
[2026-08-16T11:51:10.686Z] GET /api/equipment
[2026-08-16T11:51:10.701Z] GET /api/bookings
[2026-08-16T11:51:11.617Z] GET /api/land
[2026-08-16T11:51:11.633Z] GET /api/land
[2026-08-16T11:51:12.871Z] GET /api/bookings
[2026-08-16T11:51:12.873Z] GET /api/equipment
[2026-08-16T11:51:12.886Z] GET /api/equipment
[2026-08-16T11:51:12.900Z] GET /api/bookings
[2026-08-16T11:51:15.119Z] GET /api/land
[2026-08-16T11:51:15.134Z] GET /api/land
[2026-08-16T11:52:22.385Z] GET /api/auth/me
[2026-08-16T11:52:22.490Z] GET /api/auth/me
[2026-08-16T11:52:24.592Z] GET /api/admin/stats
[2026-08-16T11:52:24.722Z] GET /api/admin/stats
[2026-08-16T11:52:52.305Z] GET /api/admin/listings/pending
[2026-08-16T11:52:59.445Z] GET /api/auth/me
[2026-08-16T11:52:59.474Z] GET /api/auth/me
[2026-08-16T11:52:59.510Z] GET /api/admin/stats
[2026-08-16T11:52:59.640Z] GET /api/admin/stats
[2026-08-16T11:53:00.407Z] GET /api/admin/listings?type=land
[2026-08-16T11:53:01.824Z] GET /api/admin/listings/pending
[2026-08-16T11:53:03.522Z] GET /api/admin/listings?type=land
[2026-08-16T11:53:04.276Z] GET /api/admin/listings/pending
[2026-08-16T11:53:13.389Z] GET /api/admin/users
[2026-08-16T11:53:28.948Z] DELETE /api/admin/users/10
[2026-08-16T11:53:28.994Z] GET /api/admin/users
[2026-08-16T11:53:31.930Z] DELETE /api/admin/users/23
[2026-08-16T11:53:31.964Z] GET /api/admin/users
[2026-08-16T11:53:34.613Z] DELETE /api/admin/users/24
[2026-08-16T11:53:40.192Z] GET /api/auth/me
[2026-08-16T11:53:40.281Z] GET /api/auth/me
[2026-08-16T11:53:40.310Z] GET /api/admin/stats
[2026-08-16T11:53:40.434Z] GET /api/admin/stats
[2026-08-16T11:53:44.668Z] GET /api/admin/users
[2026-08-16T11:53:47.204Z] DELETE /api/admin/users/24
[2026-08-16T11:53:50.509Z] PUT /api/admin/users/24/role
[2026-08-16T11:53:50.601Z] GET /api/admin/users
[2026-08-16T11:53:52.946Z] DELETE /api/admin/users/24
[2026-08-16T11:53:55.004Z] GET /api/auth/me
[2026-08-16T11:53:55.075Z] GET /api/auth/me
[2026-08-16T11:53:55.108Z] GET /api/admin/stats
[2026-08-16T11:53:55.237Z] GET /api/admin/stats
[2026-08-16T11:54:05.043Z] GET /api/admin/users
[2026-08-16T11:54:07.846Z] DELETE /api/admin/users/24
[2026-08-16T11:54:34.663Z] GET /api/auth/me
[2026-08-16T11:54:34.740Z] GET /api/auth/me
[2026-08-16T11:54:34.784Z] GET /api/admin/stats
[2026-08-16T11:54:34.906Z] GET /api/admin/stats
[2026-08-16T11:54:37.408Z] GET /api/admin/users
[2026-08-16T11:54:40.083Z] DELETE /api/admin/users/24
